[36148:21888:0930/094351.753:WARNING:chrome_main_delegate.cc(745)] This is Chrome version 128.0.6613.138 (not a warning)
[36148:42800:0930/094351.786:ERROR:google_update_settings.cc(265)] Failed opening key Software\Chromium to set usagestats; result: 5
[36148:21888:0930/094351.792:WARNING:account_consistency_mode_manager.cc(77)] Desktop Identity Consistency cannot be enabled as no OAuth client ID and client secret have been configured.
[35112:37404:0930/094355.470:WARNING:frame_impl.cc(430)] virtual CefFrameImpl::SendProcessMessage sent to detached frame 5-C2FD8DFF922A29E59805AE4A343B1814 will be ignored
[30824:9384:0930/094356.487:WARNING:codec.cc(525)] Explicitly added H264 constrained baseline to list of supported formats.
[30824:31220:0930/094356.504:WARNING:codec.cc(525)] Explicitly added H264 constrained baseline to list of supported formats.
[30824:31220:0930/094356.504:WARNING:codec.cc(525)] Explicitly added H264 constrained baseline to list of supported formats.
[30824:31220:0930/094356.504:WARNING:codec.cc(525)] Explicitly added H264 constrained baseline to list of supported formats.
[42380:43388:0930/094356.816:WARNING:host_resolver_dns_task.cc(863)] Address list empty after RFC3484 sort
[42380:43388:0930/094356.817:ERROR:socket_manager.cc(147)] Failed to resolve address for stun.cloudflare.com., errorcode: -105
[42380:43388:0930/094356.817:ERROR:socket_manager.cc(147)] Failed to resolve address for stun.cloudflare.com., errorcode: -105
[42380:43388:0930/094356.817:ERROR:socket_manager.cc(147)] Failed to resolve address for stun.cloudflare.com., errorcode: -105
[30824:31220:0930/094356.817:WARNING:stun_port.cc(442)] Port[13b4800:0:1:0:host:Net[any:0:0:0:x:x:x:x:x/0:Wildcard:id=0]]: StunPort: stun host lookup received error -1
[30824:31220:0930/094356.817:WARNING:stun_port.cc(442)] Port[13b5000:1:1:0:host:Net[any:0:0:0:x:x:x:x:x/0:Wildcard:id=0]]: StunPort: stun host lookup received error -1
[30824:31220:0930/094356.817:WARNING:stun_port.cc(442)] Port[13b5800:2:1:0:host:Net[any:0:0:0:x:x:x:x:x/0:Wildcard:id=0]]: StunPort: stun host lookup received error -1
[42380:43388:0930/094356.838:WARNING:host_resolver_dns_task.cc(863)] Address list empty after RFC3484 sort
[42380:43388:0930/094356.840:ERROR:socket_manager.cc(147)] Failed to resolve address for stun1.l.google.com., errorcode: -105
[42380:43388:0930/094356.840:ERROR:socket_manager.cc(147)] Failed to resolve address for stun1.l.google.com., errorcode: -105
[42380:43388:0930/094356.840:ERROR:socket_manager.cc(147)] Failed to resolve address for stun1.l.google.com., errorcode: -105
[30824:31220:0930/094356.840:WARNING:stun_port.cc(442)] Port[13b4800:0:1:0:host:Net[any:0:0:0:x:x:x:x:x/0:Wildcard:id=0]]: StunPort: stun host lookup received error -1
[30824:31220:0930/094356.840:WARNING:stun_port.cc(442)] Port[13b5000:1:1:0:host:Net[any:0:0:0:x:x:x:x:x/0:Wildcard:id=0]]: StunPort: stun host lookup received error -1
[30824:31220:0930/094356.840:WARNING:stun_port.cc(442)] Port[13b5800:2:1:0:host:Net[any:0:0:0:x:x:x:x:x/0:Wildcard:id=0]]: StunPort: stun host lookup received error -1
[42380:43388:0930/094356.847:WARNING:host_resolver_dns_task.cc(863)] Address list empty after RFC3484 sort
[42380:43388:0930/094356.848:ERROR:socket_manager.cc(147)] Failed to resolve address for stun.l.google.com., errorcode: -105
[42380:43388:0930/094356.849:ERROR:socket_manager.cc(147)] Failed to resolve address for stun.l.google.com., errorcode: -105
[42380:43388:0930/094356.849:ERROR:socket_manager.cc(147)] Failed to resolve address for stun.l.google.com., errorcode: -105
[30824:31220:0930/094356.849:WARNING:stun_port.cc(442)] Port[13b4800:0:1:0:host:Net[any:0:0:0:x:x:x:x:x/0:Wildcard:id=0]]: StunPort: stun host lookup received error -1
[30824:31220:0930/094356.849:WARNING:stun_port.cc(442)] Port[13b5000:1:1:0:host:Net[any:0:0:0:x:x:x:x:x/0:Wildcard:id=0]]: StunPort: stun host lookup received error -1
[30824:31220:0930/094356.849:WARNING:stun_port.cc(442)] Port[13b5800:2:1:0:host:Net[any:0:0:0:x:x:x:x:x/0:Wildcard:id=0]]: StunPort: stun host lookup received error -1
[36148:20336:0930/094357.479:WARNING:browser_info.cc(345)] Returning a speculative frame for [7,9]
[36148:21888:0930/094357.806:WARNING:browser_info.cc(345)] Returning a speculative frame for [8,9]
[36148:21888:0930/094357.806:WARNING:browser_info.cc(345)] Returning a speculative frame for [8,9]
[36148:21888:0930/094357.806:WARNING:browser_info.cc(345)] Returning a speculative frame for [8,9]
[36148:21888:0930/094357.806:WARNING:browser_info.cc(345)] Returning a speculative frame for [8,9]
[36148:20336:0930/094357.811:WARNING:browser_info.cc(345)] Returning a speculative frame for [8,9]
[43876:14256:0930/094359.137:WARNING:codec.cc(525)] Explicitly added H264 constrained baseline to list of supported formats.
[43876:40560:0930/094359.160:WARNING:codec.cc(525)] Explicitly added H264 constrained baseline to list of supported formats.
[43876:40560:0930/094359.160:WARNING:codec.cc(525)] Explicitly added H264 constrained baseline to list of supported formats.
[43876:40560:0930/094359.161:WARNING:codec.cc(525)] Explicitly added H264 constrained baseline to list of supported formats.
[42380:43388:0930/094359.485:WARNING:host_resolver_dns_task.cc(863)] Address list empty after RFC3484 sort
[42380:43388:0930/094359.485:WARNING:host_resolver_dns_task.cc(863)] Address list empty after RFC3484 sort
[42380:43388:0930/094359.485:WARNING:host_resolver_dns_task.cc(863)] Address list empty after RFC3484 sort
[42380:43388:0930/094359.485:ERROR:socket_manager.cc(147)] Failed to resolve address for stun.l.google.com., errorcode: -105
[42380:43388:0930/094359.485:ERROR:socket_manager.cc(147)] Failed to resolve address for stun.l.google.com., errorcode: -105
[42380:43388:0930/094359.485:ERROR:socket_manager.cc(147)] Failed to resolve address for stun.l.google.com., errorcode: -105
[42380:43388:0930/094359.485:ERROR:socket_manager.cc(147)] Failed to resolve address for stun1.l.google.com., errorcode: -105
[42380:43388:0930/094359.485:ERROR:socket_manager.cc(147)] Failed to resolve address for stun1.l.google.com., errorcode: -105
[42380:43388:0930/094359.485:ERROR:socket_manager.cc(147)] Failed to resolve address for stun1.l.google.com., errorcode: -105
[43876:40560:0930/094359.485:WARNING:stun_port.cc(442)] Port[fd3400:0:1:0:host:Net[any:0:0:0:x:x:x:x:x/0:Wildcard:id=0]]: StunPort: stun host lookup received error -1
[43876:40560:0930/094359.485:WARNING:stun_port.cc(442)] Port[1308000:1:1:0:host:Net[any:0:0:0:x:x:x:x:x/0:Wildcard:id=0]]: StunPort: stun host lookup received error -1
[43876:40560:0930/094359.485:WARNING:stun_port.cc(442)] Port[1308400:2:1:0:host:Net[any:0:0:0:x:x:x:x:x/0:Wildcard:id=0]]: StunPort: stun host lookup received error -1
[43876:40560:0930/094359.485:WARNING:stun_port.cc(442)] Port[fd3400:0:1:0:host:Net[any:0:0:0:x:x:x:x:x/0:Wildcard:id=0]]: StunPort: stun host lookup received error -1
[43876:40560:0930/094359.485:WARNING:stun_port.cc(442)] Port[1308000:1:1:0:host:Net[any:0:0:0:x:x:x:x:x/0:Wildcard:id=0]]: StunPort: stun host lookup received error -1
[43876:40560:0930/094359.485:WARNING:stun_port.cc(442)] Port[1308400:2:1:0:host:Net[any:0:0:0:x:x:x:x:x/0:Wildcard:id=0]]: StunPort: stun host lookup received error -1
[42380:43388:0930/094359.486:ERROR:socket_manager.cc(147)] Failed to resolve address for stun.cloudflare.com., errorcode: -105
[42380:43388:0930/094359.486:ERROR:socket_manager.cc(147)] Failed to resolve address for stun.cloudflare.com., errorcode: -105
[42380:43388:0930/094359.486:ERROR:socket_manager.cc(147)] Failed to resolve address for stun.cloudflare.com., errorcode: -105
[43876:40560:0930/094359.486:WARNING:stun_port.cc(442)] Port[fd3400:0:1:0:host:Net[any:0:0:0:x:x:x:x:x/0:Wildcard:id=0]]: StunPort: stun host lookup received error -1
[43876:40560:0930/094359.486:WARNING:stun_port.cc(442)] Port[1308000:1:1:0:host:Net[any:0:0:0:x:x:x:x:x/0:Wildcard:id=0]]: StunPort: stun host lookup received error -1
[43876:40560:0930/094359.486:WARNING:stun_port.cc(442)] Port[1308400:2:1:0:host:Net[any:0:0:0:x:x:x:x:x/0:Wildcard:id=0]]: StunPort: stun host lookup received error -1
[43876:14256:0930/094404.828:WARNING:codec.cc(525)] Explicitly added H264 constrained baseline to list of supported formats.
[43876:14256:0930/094404.830:WARNING:codec.cc(525)] Explicitly added H264 constrained baseline to list of supported formats.
[43876:40560:0930/094404.835:WARNING:codec.cc(525)] Explicitly added H264 constrained baseline to list of supported formats.
[43876:40560:0930/094404.835:WARNING:codec.cc(525)] Explicitly added H264 constrained baseline to list of supported formats.
[43876:40560:0930/094404.835:WARNING:codec.cc(525)] Explicitly added H264 constrained baseline to list of supported formats.
[42380:43388:0930/094405.146:WARNING:host_resolver_dns_task.cc(863)] Address list empty after RFC3484 sort
[42380:43388:0930/094405.146:WARNING:host_resolver_dns_task.cc(863)] Address list empty after RFC3484 sort
[42380:43388:0930/094405.146:ERROR:socket_manager.cc(147)] Failed to resolve address for stun.l.google.com., errorcode: -105
[42380:43388:0930/094405.146:ERROR:socket_manager.cc(147)] Failed to resolve address for stun.l.google.com., errorcode: -105
[42380:43388:0930/094405.146:ERROR:socket_manager.cc(147)] Failed to resolve address for stun.l.google.com., errorcode: -105
[42380:43388:0930/094405.146:ERROR:socket_manager.cc(147)] Failed to resolve address for stun.cloudflare.com., errorcode: -105
[42380:43388:0930/094405.146:ERROR:socket_manager.cc(147)] Failed to resolve address for stun.cloudflare.com., errorcode: -105
[42380:43388:0930/094405.146:ERROR:socket_manager.cc(147)] Failed to resolve address for stun.cloudflare.com., errorcode: -105
[43876:40560:0930/094405.146:WARNING:stun_port.cc(442)] Port[fd3c00:0:1:0:host:Net[any:0:0:0:x:x:x:x:x/0:Wildcard:id=0]]: StunPort: stun host lookup received error -1
[43876:40560:0930/094405.146:WARNING:stun_port.cc(442)] Port[1308800:1:1:0:host:Net[any:0:0:0:x:x:x:x:x/0:Wildcard:id=0]]: StunPort: stun host lookup received error -1
[43876:40560:0930/094405.146:WARNING:stun_port.cc(442)] Port[fd3800:2:1:0:host:Net[any:0:0:0:x:x:x:x:x/0:Wildcard:id=0]]: StunPort: stun host lookup received error -1
[43876:40560:0930/094405.146:WARNING:stun_port.cc(442)] Port[fd3c00:0:1:0:host:Net[any:0:0:0:x:x:x:x:x/0:Wildcard:id=0]]: StunPort: stun host lookup received error -1
[43876:40560:0930/094405.146:WARNING:stun_port.cc(442)] Port[1308800:1:1:0:host:Net[any:0:0:0:x:x:x:x:x/0:Wildcard:id=0]]: StunPort: stun host lookup received error -1
[43876:40560:0930/094405.146:WARNING:stun_port.cc(442)] Port[fd3800:2:1:0:host:Net[any:0:0:0:x:x:x:x:x/0:Wildcard:id=0]]: StunPort: stun host lookup received error -1
[42380:43388:0930/094405.146:WARNING:host_resolver_dns_task.cc(863)] Address list empty after RFC3484 sort
[42380:43388:0930/094405.147:ERROR:socket_manager.cc(147)] Failed to resolve address for stun1.l.google.com., errorcode: -105
[42380:43388:0930/094405.147:ERROR:socket_manager.cc(147)] Failed to resolve address for stun1.l.google.com., errorcode: -105
[42380:43388:0930/094405.147:ERROR:socket_manager.cc(147)] Failed to resolve address for stun1.l.google.com., errorcode: -105
[43876:40560:0930/094405.147:WARNING:stun_port.cc(442)] Port[fd3c00:0:1:0:host:Net[any:0:0:0:x:x:x:x:x/0:Wildcard:id=0]]: StunPort: stun host lookup received error -1
[43876:40560:0930/094405.147:WARNING:stun_port.cc(442)] Port[1308800:1:1:0:host:Net[any:0:0:0:x:x:x:x:x/0:Wildcard:id=0]]: StunPort: stun host lookup received error -1
[43876:40560:0930/094405.147:WARNING:stun_port.cc(442)] Port[fd3800:2:1:0:host:Net[any:0:0:0:x:x:x:x:x/0:Wildcard:id=0]]: StunPort: stun host lookup received error -1
[36148:21888:0930/094458.897:WARNING:pref_notifier_impl.cc(41)] Pref observer for media_router.cast_allow_all_ips found at shutdown.
